---
source: puck_liveview/src/dom/element/diff/test_diffing.rs
expression: c

---
Changeset {
    ops: [
        Op {
            id: "2",
            instruction: InsertAfter {
                after_id: "2",
            },
        },
    ],
}
